// Vitest Snapshot v1, https://vitest.dev/guide/snapshot.html

exports[`convertTextmateThemeToMonaco > should convert Active4D theme to Monaco theme 1`] = `
{
  "base": "vs",
  "colors": {
    "editor.background": "#FFFFFF",
    "editor.foreground": "#3B3B3B",
    "editor.lineHighlightBackground": "#00000012",
    "editor.selectionBackground": "#BAD6FD",
    "editorCursor.foreground": "#000000",
    "editorWhitespace.foreground": "#BFBFBF",
  },
  "inherit": true,
  "rules": [
    {
      "background": "e2e9ff5e",
      "token": "text.html source.active4d",
    },
    {
      "foreground": "000000",
      "token": "text.xml",
    },
    {
      "foreground": "af82d4",
      "token": "comment.line",
    },
    {
      "foreground": "af82d4",
      "token": "comment.block",
    },
    {
      "foreground": "666666",
      "token": "string",
    },
    {
      "fontStyle": "bold",
      "foreground": "66ccff",
      "token": "string.interpolated variable",
    },
    {
      "foreground": "a8017e",
      "token": "constant.numeric",
    },
    {
      "fontStyle": "bold",
      "foreground": "66ccff",
      "token": "constant.other.date",
    },
    {
      "fontStyle": "bold",
      "foreground": "66ccff",
      "token": "constant.other.time",
    },
    {
      "foreground": "a535ae",
      "token": "constant.language",
    },
    {
      "fontStyle": "bold",
      "foreground": "6392ff",
      "token": "variable.other.local",
    },
    {
      "fontStyle": "bold",
      "foreground": "0053ff",
      "token": "variable",
    },
    {
      "foreground": "6988ae",
      "token": "variable.other.table-field",
    },
    {
      "fontStyle": "bold",
      "foreground": "006699",
      "token": "keyword",
    },
    {
      "foreground": "ff5600",
      "token": "storage",
    },
    {
      "foreground": "21439c",
      "token": "entity.name.type",
    },
    {
      "foreground": "21439c",
      "token": "entity.name.function",
    },
    {
      "foreground": "7a7a7a",
      "token": "meta.tag",
    },
    {
      "foreground": "016cff",
      "token": "entity.name.tag",
    },
    {
      "foreground": "963dff",
      "token": "entity.other.attribute-name",
    },
    {
      "fontStyle": "bold",
      "foreground": "45ae34",
      "token": "support.function",
    },
    {
      "foreground": "b7734c",
      "token": "support.constant",
    },
    {
      "foreground": "a535ae",
      "token": "support.type",
    },
    {
      "foreground": "a535ae",
      "token": "support.class",
    },
    {
      "foreground": "a535ae",
      "token": "support.variable",
    },
    {
      "background": "990000",
      "foreground": "ffffff",
      "token": "invalid",
    },
    {
      "background": "656565",
      "foreground": "ffffff",
      "token": "meta.diff",
    },
    {
      "background": "1b63ff",
      "foreground": "ffffff",
      "token": "meta.diff.range",
    },
    {
      "background": "ff7880",
      "foreground": "000000",
      "token": "markup.deleted.diff",
    },
    {
      "background": "98ff9a",
      "foreground": "000000",
      "token": "markup.inserted.diff",
    },
    {
      "foreground": "5e5e5e",
      "token": "source.diff",
    },
  ],
}
`;

exports[`convertTextmateThemeToMonaco > should convert Dracula theme to Monaco theme 1`] = `
{
  "base": "vs-dark",
  "colors": {
    "editor.background": "#282a36",
    "editor.foreground": "#f8f8f2",
    "editor.lineHighlightBackground": "#44475a",
    "editor.selectionBackground": "#44475a",
    "editor.selectionHighlightBorder": "#222218",
    "editorCursor.foreground": "#f8f8f0",
    "editorIndentGuide.activeBackground": "#9D550FB0",
    "editorWhitespace.foreground": "#3B3A32",
  },
  "inherit": true,
  "rules": [
    {
      "foreground": "6272a4",
      "token": "comment",
    },
    {
      "foreground": "f1fa8c",
      "token": "string",
    },
    {
      "foreground": "bd93f9",
      "token": "constant.numeric",
    },
    {
      "foreground": "bd93f9",
      "token": "constant.language",
    },
    {
      "foreground": "bd93f9",
      "token": "constant.character",
    },
    {
      "foreground": "bd93f9",
      "token": "constant.other",
    },
    {
      "foreground": "ffb86c",
      "token": "variable.other.readwrite.instance",
    },
    {
      "foreground": "ff79c6",
      "token": "constant.character.escaped",
    },
    {
      "foreground": "ff79c6",
      "token": "constant.character.escape",
    },
    {
      "foreground": "ff79c6",
      "token": "string source",
    },
    {
      "foreground": "ff79c6",
      "token": "string source.ruby",
    },
    {
      "foreground": "ff79c6",
      "token": "keyword",
    },
    {
      "foreground": "ff79c6",
      "token": "storage",
    },
    {
      "fontStyle": "italic",
      "foreground": "8be9fd",
      "token": "storage.type",
    },
    {
      "fontStyle": "underline",
      "foreground": "50fa7b",
      "token": "entity.name.class",
    },
    {
      "fontStyle": "italic underline",
      "foreground": "50fa7b",
      "token": "entity.other.inherited-class",
    },
    {
      "foreground": "50fa7b",
      "token": "entity.name.function",
    },
    {
      "fontStyle": "italic",
      "foreground": "ffb86c",
      "token": "variable.parameter",
    },
    {
      "foreground": "ff79c6",
      "token": "entity.name.tag",
    },
    {
      "foreground": "50fa7b",
      "token": "entity.other.attribute-name",
    },
    {
      "foreground": "8be9fd",
      "token": "support.function",
    },
    {
      "foreground": "6be5fd",
      "token": "support.constant",
    },
    {
      "fontStyle": " italic",
      "foreground": "66d9ef",
      "token": "support.type",
    },
    {
      "fontStyle": " italic",
      "foreground": "66d9ef",
      "token": "support.class",
    },
    {
      "background": "ff79c6",
      "foreground": "f8f8f0",
      "token": "invalid",
    },
    {
      "background": "bd93f9",
      "foreground": "f8f8f0",
      "token": "invalid.deprecated",
    },
    {
      "foreground": "cfcfc2",
      "token": "meta.structure.dictionary.json string.quoted.double.json",
    },
    {
      "foreground": "6272a4",
      "token": "meta.diff",
    },
    {
      "foreground": "6272a4",
      "token": "meta.diff.header",
    },
    {
      "foreground": "ff79c6",
      "token": "markup.deleted",
    },
    {
      "foreground": "50fa7b",
      "token": "markup.inserted",
    },
    {
      "foreground": "e6db74",
      "token": "markup.changed",
    },
    {
      "foreground": "bd93f9",
      "token": "constant.numeric.line-number.find-in-files - match",
    },
    {
      "foreground": "e6db74",
      "token": "entity.name.filename",
    },
    {
      "foreground": "f83333",
      "token": "message.error",
    },
    {
      "foreground": "eeeeee",
      "token": "punctuation.definition.string.begin.json - meta.structure.dictionary.value.json",
    },
    {
      "foreground": "eeeeee",
      "token": "punctuation.definition.string.end.json - meta.structure.dictionary.value.json",
    },
    {
      "foreground": "8be9fd",
      "token": "meta.structure.dictionary.json string.quoted.double.json",
    },
    {
      "foreground": "f1fa8c",
      "token": "meta.structure.dictionary.value.json string.quoted.double.json",
    },
    {
      "foreground": "50fa7b",
      "token": "meta meta meta meta meta meta meta.structure.dictionary.value string",
    },
    {
      "foreground": "ffb86c",
      "token": "meta meta meta meta meta meta.structure.dictionary.value string",
    },
    {
      "foreground": "ff79c6",
      "token": "meta meta meta meta meta.structure.dictionary.value string",
    },
    {
      "foreground": "bd93f9",
      "token": "meta meta meta meta.structure.dictionary.value string",
    },
    {
      "foreground": "50fa7b",
      "token": "meta meta meta.structure.dictionary.value string",
    },
    {
      "foreground": "ffb86c",
      "token": "meta meta.structure.dictionary.value string",
    },
  ],
}
`;

exports[`convertTextmateThemeToMonaco > should convert Visual Studio theme to Monaco theme 1`] = `
{
  "base": "vs",
  "colors": {
    "editor.background": "#FFFFFF",
    "editor.foreground": "#000000",
    "editor.lineHighlightBackground": "#00000012",
    "editor.selectionBackground": "#9DA7C3",
    "editorCursor.foreground": "#000000",
    "editorWhitespace.foreground": "#BFBFBF",
  },
  "inherit": true,
  "rules": [
    {
      "background": "2f8963",
      "foreground": "eefff8",
      "token": "markup.inserted.diff",
    },
    {
      "background": "2f8963",
      "foreground": "eefff8",
      "token": "meta.diff.header.to-file",
    },
    {
      "background": "c86a44",
      "foreground": "fff3ee",
      "token": "markup.deleted.diff",
    },
    {
      "background": "c86a44",
      "foreground": "fff3ee",
      "token": "meta.diff.header.from-file",
    },
    {
      "foreground": "008000",
      "token": "comment",
    },
    {
      "foreground": "000000",
      "token": "variable",
    },
    {
      "foreground": "0000ff",
      "token": "keyword",
    },
    {
      "foreground": "a31515",
      "token": "constant.numeric",
    },
    {
      "foreground": "000000",
      "token": "constant",
    },
    {
      "foreground": "000000",
      "token": "constant.language",
    },
    {
      "foreground": "0000ff",
      "token": "constant.language.boolean",
    },
    {
      "foreground": "a31515",
      "token": "string",
    },
    {
      "foreground": "26b31a",
      "token": "constant.character.escape",
    },
    {
      "foreground": "26b31a",
      "token": "string source",
    },
    {
      "foreground": "0000ff",
      "token": "meta.preprocessor",
    },
    {
      "foreground": "0000ff",
      "token": "keyword.control.import",
    },
    {
      "foreground": "000000",
      "token": "entity.name.function",
    },
    {
      "foreground": "000000",
      "token": "keyword.other.name-of-parameter.objc",
    },
    {
      "foreground": "000000",
      "token": "entity.name.type",
    },
    {
      "foreground": "0000ff",
      "token": "storage.type",
    },
    {
      "foreground": "0000ff",
      "token": "storage.modifier",
    },
    {
      "foreground": "70727e",
      "token": "storage.type.method",
    },
    {
      "foreground": "000000",
      "token": "support.function",
    },
    {
      "foreground": "000000",
      "token": "support.class",
    },
    {
      "foreground": "000000",
      "token": "support.type",
    },
    {
      "foreground": "000000",
      "token": "support.constant",
    },
    {
      "foreground": "000000",
      "token": "support.variable",
    },
    {
      "foreground": "687687",
      "token": "keyword.operator.js",
    },
    {
      "background": "e1a09f",
      "token": "invalid",
    },
    {
      "background": "ffd0d0",
      "token": "invalid.deprecated.trailing-whitespace",
    },
    {
      "background": "427ff530",
      "token": "text source",
    },
    {
      "background": "427ff530",
      "token": "string.unquoted",
    },
    {
      "foreground": "68685b",
      "token": "meta.xml-processing",
    },
    {
      "foreground": "68685b",
      "token": "declaration.xml-processing",
    },
    {
      "foreground": "a31515",
      "token": "meta.doctype",
    },
    {
      "foreground": "a31515",
      "token": "declaration.doctype",
    },
    {
      "foreground": "0000ff",
      "token": "meta.tag",
    },
    {
      "foreground": "0000ff",
      "token": "declaration.tag",
    },
    {
      "foreground": "a31515",
      "token": "entity.name.tag",
    },
    {
      "foreground": "ff0000",
      "token": "entity.other.attribute-name",
    },
    {
      "foreground": "0000ff",
      "token": "string.quoted.double.xml",
    },
    {
      "foreground": "0000ff",
      "token": "string.quoted.double.html",
    },
    {
      "foreground": "0c07ff",
      "token": "markup.heading",
    },
    {
      "foreground": "000000",
      "token": "markup.quote",
    },
    {
      "foreground": "b90690",
      "token": "markup.list",
    },
  ],
}
`;
